/Users/gaganakki/Documents/SahiLabs/HealthCareers/job-scrappers/.venv/lib/python3.9/site-packages/urllib3/__init__.py:35: NotOpenSSLWarning: urllib3 v2 only supports OpenSSL 1.1.1+, currently the 'ssl' module is compiled with 'LibreSSL 2.8.3'. See: https://github.com/urllib3/urllib3/issues/3020
  warnings.warn(
17:53:23 INFO robots.txt check passed for https://regeneron.wd1.myworkdayjobs.com
17:53:23 INFO Existing CSV has 0 known jobs (0 known-old, 0 known out-of-scope skipped); keeping jobs posted on/after 2026-08-21
17:53:25 INFO [Careers] board lists 578 open postings
17:56:10 INFO [Careers] 2 consecutive pages outside the window — stopping at offset 120
17:56:10 INFO Wrote /Users/gaganakki/Documents/SahiLabs/HealthCareers/job-scrappers/scrappers/regeneron/regeneron_jobs.csv (25 total rows)
17:56:10 INFO Wrote /Users/gaganakki/Documents/SahiLabs/HealthCareers/job-scrappers/jobs_csv/28-08-2026/regeneron.csv (25 rows, HealthCareers.club schema)
17:56:10 INFO Moved 43 rows to /Users/gaganakki/Documents/SahiLabs/HealthCareers/job-scrappers/scrappers/regeneron/out-of-scope.csv (43 total, kept for review)

===== Run summary =====
Postings scanned:                120
Detail records fetched:           68
Excluded (out of scope):          43  (shared classifier)
Skipped (known out of scope):      0
Excluded (older than 2026-08-21): 52
Skipped (known old):               0
Flagged needs_review:              0
New jobs added:                   25
Duplicates skipped:                0
Detail failures:                   0
