/Users/gaganakki/Documents/SahiLabs/HealthCareers/job-scrappers/.venv/lib/python3.9/site-packages/urllib3/__init__.py:35: NotOpenSSLWarning: urllib3 v2 only supports OpenSSL 1.1.1+, currently the 'ssl' module is compiled with 'LibreSSL 2.8.3'. See: https://github.com/urllib3/urllib3/issues/3020
  warnings.warn(
20:28:19 INFO robots.txt check passed for https://kimberlyclark.wd1.myworkdayjobs.com
20:28:19 INFO Existing CSV has 0 known jobs (0 known-old, 0 known out-of-scope skipped); keeping jobs posted on/after 2026-08-21
20:28:21 INFO [GLOBAL] board lists 183 open postings
20:30:47 WARNING HTTP 406 for https://kimberlyclark.wd1.myworkdayjobs.com/wday/cxs/kimberlyclark/GLOBAL — skipping
20:30:47 WARNING [GLOBAL] no detail for job_id=886654
20:30:55 INFO [GLOBAL] walked the whole board (183 postings)
20:30:55 INFO No new jobs; /Users/gaganakki/Documents/SahiLabs/HealthCareers/job-scrappers/scrappers/kimberlyclark/kimberlyclark_jobs.csv left unchanged
20:30:55 INFO Moved 56 rows to /Users/gaganakki/Documents/SahiLabs/HealthCareers/job-scrappers/scrappers/kimberlyclark/out-of-scope.csv (56 total, kept for review)

===== Run summary =====
Postings scanned:                183
Detail records fetched:           57
Excluded (out of scope):          56  (shared classifier)
Skipped (known out of scope):      0
Excluded (older than 2026-08-21): 126
Skipped (known old):               0
Flagged needs_review:              0
New jobs added:                    0
Duplicates skipped:                0
Detail failures:                   1
/Users/gaganakki/Documents/SahiLabs/HealthCareers/job-scrappers/.venv/lib/python3.9/site-packages/urllib3/__init__.py:35: NotOpenSSLWarning: urllib3 v2 only supports OpenSSL 1.1.1+, currently the 'ssl' module is compiled with 'LibreSSL 2.8.3'. See: https://github.com/urllib3/urllib3/issues/3020
  warnings.warn(
20:31:07 INFO robots.txt check passed for https://kimberlyclark.wd1.myworkdayjobs.com
20:31:07 INFO Existing CSV has 0 known jobs (126 known-old, 56 known out-of-scope skipped); keeping jobs posted on/after 2026-06-01 (--since override)
20:31:10 INFO [GLOBAL] board lists 183 open postings
20:34:09 WARNING HTTP 406 for https://kimberlyclark.wd1.myworkdayjobs.com/wday/cxs/kimberlyclark/GLOBAL — skipping
20:34:09 WARNING [GLOBAL] no detail for job_id=886654
20:36:35 INFO [GLOBAL] walked the whole board (183 postings)
20:36:35 INFO No new jobs; /Users/gaganakki/Documents/SahiLabs/HealthCareers/job-scrappers/scrappers/kimberlyclark/kimberlyclark_jobs.csv left unchanged
20:36:35 INFO Moved 119 rows to /Users/gaganakki/Documents/SahiLabs/HealthCareers/job-scrappers/scrappers/kimberlyclark/out-of-scope.csv (175 total, kept for review)

===== Run summary =====
Postings scanned:                183
Detail records fetched:          127
Excluded (out of scope):         119  (shared classifier)
Skipped (known out of scope):     56
Excluded (older than 2026-06-01):  7
Skipped (known old):               0
Flagged needs_review:              0
New jobs added:                    0
Duplicates skipped:                0
Detail failures:                   1
