/Users/gaganakki/Documents/SahiLabs/HealthCareers/job-scrappers/.venv/lib/python3.9/site-packages/urllib3/__init__.py:35: NotOpenSSLWarning: urllib3 v2 only supports OpenSSL 1.1.1+, currently the 'ssl' module is compiled with 'LibreSSL 2.8.3'. See: https://github.com/urllib3/urllib3/issues/3020
  warnings.warn(
11:07:34 INFO robots.txt check passed for https://path.wd1.myworkdayjobs.com
11:07:34 INFO Existing CSV has 0 known jobs (0 known-old, 0 known out-of-scope skipped); keeping jobs posted on/after 2026-08-21
11:07:36 INFO [External] board lists 65 open postings
11:08:06 INFO [External] walked the whole board (65 postings)
11:08:06 INFO Wrote /Users/gaganakki/Documents/SahiLabs/HealthCareers/job-scrappers/scrappers/path/path_jobs.csv (2 total rows)
11:08:06 INFO Wrote /Users/gaganakki/Documents/SahiLabs/HealthCareers/job-scrappers/jobs_csv/28-08-2026/path.csv (2 rows, HealthCareers.club schema)
11:08:06 INFO Moved 9 rows to /Users/gaganakki/Documents/SahiLabs/HealthCareers/job-scrappers/scrappers/path/out-of-scope.csv (9 total, kept for review)

===== Run summary =====
Postings scanned:                 65
Detail records fetched:           12
Excluded (out of scope):           9  (shared classifier)
Skipped (known out of scope):      0
Excluded (older than 2026-08-21): 54
Skipped (known old):               0
Flagged needs_review:              0
New jobs added:                    2
Duplicates skipped:                0
Detail failures:                   0
