/Users/gaganakki/Documents/SahiLabs/HealthCareers/job-scrappers/.venv/lib/python3.9/site-packages/urllib3/__init__.py:35: NotOpenSSLWarning: urllib3 v2 only supports OpenSSL 1.1.1+, currently the 'ssl' module is compiled with 'LibreSSL 2.8.3'. See: https://github.com/urllib3/urllib3/issues/3020
  warnings.warn(
17:10:39 INFO robots.txt check passed for https://sanofi.wd3.myworkdayjobs.com
17:10:39 INFO Existing CSV has 0 known jobs (0 known-old, 0 known out-of-scope skipped); keeping jobs posted on/after 2026-08-21
17:10:42 INFO [SanofiCareers] board lists 790 open postings
17:18:49 INFO [SanofiCareers] 2 consecutive pages outside the window — stopping at offset 260
17:18:49 INFO Wrote /Users/gaganakki/Documents/SahiLabs/HealthCareers/job-scrappers/scrappers/sanofi/sanofi_jobs.csv (29 total rows)
17:18:49 INFO Wrote /Users/gaganakki/Documents/SahiLabs/HealthCareers/job-scrappers/jobs_csv/28-08-2026/sanofi.csv (29 rows, HealthCareers.club schema)
17:18:49 INFO Moved 188 rows to /Users/gaganakki/Documents/SahiLabs/HealthCareers/job-scrappers/scrappers/sanofi/out-of-scope.csv (188 total, kept for review)
17:18:49 INFO Wrote /Users/gaganakki/Documents/SahiLabs/HealthCareers/job-scrappers/scrappers/sanofi/needs_review.csv (3 titles to review)

===== Run summary =====
Postings scanned:                260
Detail records fetched:          217
Excluded (out of scope):         188  (shared classifier)
Skipped (known out of scope):      0
Excluded (older than 2026-08-21): 43
Skipped (known old):               0
Flagged needs_review:              3
New jobs added:                   29
Duplicates skipped:                0
Detail failures:                   0
