/Users/gaganakki/Documents/SahiLabs/HealthCareers/job-scrappers/.venv/lib/python3.9/site-packages/urllib3/__init__.py:35: NotOpenSSLWarning: urllib3 v2 only supports OpenSSL 1.1.1+, currently the 'ssl' module is compiled with 'LibreSSL 2.8.3'. See: https://github.com/urllib3/urllib3/issues/3020
  warnings.warn(
20:58:04 INFO robots.txt check passed for https://rrhs.wd5.myworkdayjobs.com
20:58:04 INFO Existing CSV has 0 known jobs (0 known-old, 0 known out-of-scope skipped); keeping jobs posted on/after 2026-08-21
20:58:06 INFO [acm] board lists 12 open postings
20:58:15 INFO [acm] walked the whole board (12 postings)
20:58:15 INFO Wrote /Users/gaganakki/Documents/SahiLabs/HealthCareers/job-scrappers/scrappers/acm/acm_jobs.csv (2 total rows)
20:58:15 INFO Wrote /Users/gaganakki/Documents/SahiLabs/HealthCareers/job-scrappers/jobs_csv/28-08-2026/acm.csv (2 rows, HealthCareers.club schema)
20:58:15 INFO Moved 2 rows to /Users/gaganakki/Documents/SahiLabs/HealthCareers/job-scrappers/scrappers/acm/out-of-scope.csv (2 total, kept for review)

===== Run summary =====
Postings scanned:                 12
Detail records fetched:            4
Excluded (out of scope):           2  (shared classifier)
Skipped (known out of scope):      0
Excluded (older than 2026-08-21):  8
Skipped (known old):               0
Flagged needs_review:              0
New jobs added:                    2
Duplicates skipped:                0
Detail failures:                   0
