/Users/gaganakki/Documents/SahiLabs/HealthCareers/job-scrappers/.venv/lib/python3.9/site-packages/urllib3/__init__.py:35: NotOpenSSLWarning: urllib3 v2 only supports OpenSSL 1.1.1+, currently the 'ssl' module is compiled with 'LibreSSL 2.8.3'. See: https://github.com/urllib3/urllib3/issues/3020
  warnings.warn(
18:13:59 INFO robots.txt check passed for https://freseniusmedicalcare.wd3.myworkdayjobs.com
18:13:59 INFO Existing CSV has 0 known jobs (0 known-old, 0 known out-of-scope skipped); keeping jobs posted on/after 2026-08-21
18:14:02 INFO [fme] board lists 2000 open postings
18:20:01 INFO [fme] page cap (8) reached — stopping
18:20:01 INFO Wrote /Users/gaganakki/Documents/SahiLabs/HealthCareers/job-scrappers/scrappers/freseniusmedicalcare/freseniusmedicalcare_jobs.csv (11 total rows)
18:20:01 INFO Wrote /Users/gaganakki/Documents/SahiLabs/HealthCareers/job-scrappers/jobs_csv/28-08-2026/freseniusmedicalcare.csv (11 rows, HealthCareers.club schema)
18:20:01 INFO Moved 149 rows to /Users/gaganakki/Documents/SahiLabs/HealthCareers/job-scrappers/scrappers/freseniusmedicalcare/out-of-scope.csv (149 total, kept for review)
18:20:01 INFO Wrote /Users/gaganakki/Documents/SahiLabs/HealthCareers/job-scrappers/scrappers/freseniusmedicalcare/needs_review.csv (1 titles to review)

===== Run summary =====
Postings scanned:                160
Detail records fetched:          160
Excluded (out of scope):         149  (shared classifier)
Skipped (known out of scope):      0
Excluded (older than 2026-08-21):  0
Skipped (known old):               0
Flagged needs_review:              1
New jobs added:                   11
Duplicates skipped:                0
Detail failures:                   0
