/Users/gaganakki/Documents/SahiLabs/HealthCareers/job-scrappers/.venv/lib/python3.9/site-packages/urllib3/__init__.py:35: NotOpenSSLWarning: urllib3 v2 only supports OpenSSL 1.1.1+, currently the 'ssl' module is compiled with 'LibreSSL 2.8.3'. See: https://github.com/urllib3/urllib3/issues/3020
  warnings.warn(
18:02:24 INFO No robots.txt on https://wd3.myworkdaysite.com (HTTP 422) — crawling allowed
18:02:24 INFO robots.txt check passed for https://wd3.myworkdaysite.com
18:02:24 INFO Existing CSV has 0 known jobs (0 known-old, 0 known out-of-scope skipped); keeping jobs posted on/after 2026-08-21
18:02:26 INFO [hcacareers] board lists 115 open postings
18:03:37 INFO [hcacareers] walked the whole board (115 postings)
18:03:37 INFO Wrote /Users/gaganakki/Documents/SahiLabs/HealthCareers/job-scrappers/scrappers/hcahealthcare/hcahealthcare_jobs.csv (1 total rows)
18:03:37 INFO Wrote /Users/gaganakki/Documents/SahiLabs/HealthCareers/job-scrappers/jobs_csv/28-08-2026/hcahealthcare.csv (1 rows, HealthCareers.club schema)
18:03:37 INFO Moved 29 rows to /Users/gaganakki/Documents/SahiLabs/HealthCareers/job-scrappers/scrappers/hcahealthcare/out-of-scope.csv (29 total, kept for review)

===== Run summary =====
Postings scanned:                115
Detail records fetched:           30
Excluded (out of scope):          29  (shared classifier)
Skipped (known out of scope):      0
Excluded (older than 2026-08-21): 85
Skipped (known old):               0
Flagged needs_review:              0
New jobs added:                    1
Duplicates skipped:                0
Detail failures:                   0
