/Users/gaganakki/Documents/SahiLabs/HealthCareers/job-scrappers/.venv/lib/python3.9/site-packages/urllib3/__init__.py:35: NotOpenSSLWarning: urllib3 v2 only supports OpenSSL 1.1.1+, currently the 'ssl' module is compiled with 'LibreSSL 2.8.3'. See: https://github.com/urllib3/urllib3/issues/3020
  warnings.warn(
16:37:30 INFO robots.txt check passed for https://worldwide.wd1.myworkdayjobs.com
16:37:30 INFO Existing CSV has 0 known jobs (0 known-old, 0 known out-of-scope skipped); keeping jobs posted on/after 2026-08-21
16:37:33 INFO [External] board lists 183 open postings
16:39:13 INFO [External] walked the whole board (183 postings)
16:39:13 INFO Wrote /Users/gaganakki/Documents/SahiLabs/HealthCareers/job-scrappers/scrappers/worldwide_ct/worldwide_ct_jobs.csv (26 total rows)
16:39:13 INFO Wrote /Users/gaganakki/Documents/SahiLabs/HealthCareers/job-scrappers/jobs_csv/28-08-2026/worldwide_ct.csv (26 rows, HealthCareers.club schema)
16:39:13 INFO Moved 8 rows to /Users/gaganakki/Documents/SahiLabs/HealthCareers/job-scrappers/scrappers/worldwide_ct/out-of-scope.csv (8 total, kept for review)

===== Run summary =====
Postings scanned:                183
Detail records fetched:           34
Excluded (out of scope):           8  (shared classifier)
Skipped (known out of scope):      0
Excluded (older than 2026-08-21): 149
Skipped (known old):               0
Flagged needs_review:              0
New jobs added:                   26
Duplicates skipped:                0
Detail failures:                   0
