/Users/gaganakki/Documents/SahiLabs/HealthCareers/job-scrappers/.venv/lib/python3.9/site-packages/urllib3/__init__.py:35: NotOpenSSLWarning: urllib3 v2 only supports OpenSSL 1.1.1+, currently the 'ssl' module is compiled with 'LibreSSL 2.8.3'. See: https://github.com/urllib3/urllib3/issues/3020
  warnings.warn(
10:59:05 INFO No robots.txt on https://egpy.fa.us2.oraclecloud.com (HTTP 404) — crawling allowed
10:59:05 INFO robots.txt check passed
10:59:05 INFO Existing CSV has 0 known jobs (0 known-old, 0 known out-of-scope skipped); keeping jobs posted on/after 2026-07-29
10:59:08 INFO Oracle CE site JoinAbt lists 16 open requisitions (TotalJobsCount=16)
10:59:40 INFO Wrote /Users/gaganakki/Documents/SahiLabs/HealthCareers/job-scrappers/scrappers/abt/abt_jobs.csv (9 total rows)
10:59:40 INFO Wrote /Users/gaganakki/Documents/SahiLabs/HealthCareers/job-scrappers/jobs_csv/28-08-2026/abt.csv (9 rows, HealthCareers.club schema)
10:59:40 INFO Moved 7 rows to /Users/gaganakki/Documents/SahiLabs/HealthCareers/job-scrappers/scrappers/abt/out-of-scope.csv (7 total, kept for review)
10:59:40 INFO Wrote /Users/gaganakki/Documents/SahiLabs/HealthCareers/job-scrappers/scrappers/abt/needs_review.csv (3 titles to review)

===== Run summary =====
Requisitions scanned:             16
Excluded (out of scope):           7  (shared classifier)
Skipped (known out of scope):      0
Excluded (older than 2026-07-29):  0
Skipped (known old):               0
Flagged needs_review:              3
New jobs added:                    9
Duplicates skipped:                0
Detail parse failures:             0
