/Users/gaganakki/Documents/SahiLabs/HealthCareers/job-scrappers/.venv/lib/python3.9/site-packages/urllib3/__init__.py:35: NotOpenSSLWarning: urllib3 v2 only supports OpenSSL 1.1.1+, currently the 'ssl' module is compiled with 'LibreSSL 2.8.3'. See: https://github.com/urllib3/urllib3/issues/3020
  warnings.warn(
11:08:08 INFO robots.txt check passed for https://fhi.wd1.myworkdayjobs.com
11:08:08 INFO Existing CSV has 0 known jobs (0 known-old, 0 known out-of-scope skipped); keeping jobs posted on/after 2026-08-21
11:08:10 INFO [FHI_360_External_Career_Portal] board lists 39 open postings
11:08:46 INFO [FHI_360_External_Career_Portal] walked the whole board (39 postings)
11:08:46 INFO Wrote /Users/gaganakki/Documents/SahiLabs/HealthCareers/job-scrappers/scrappers/fhi360/fhi360_jobs.csv (4 total rows)
11:08:46 INFO Wrote /Users/gaganakki/Documents/SahiLabs/HealthCareers/job-scrappers/jobs_csv/28-08-2026/fhi360.csv (4 rows, HealthCareers.club schema)
11:08:46 INFO Moved 11 rows to /Users/gaganakki/Documents/SahiLabs/HealthCareers/job-scrappers/scrappers/fhi360/out-of-scope.csv (11 total, kept for review)
11:08:46 INFO Wrote /Users/gaganakki/Documents/SahiLabs/HealthCareers/job-scrappers/scrappers/fhi360/needs_review.csv (1 titles to review)

===== Run summary =====
Postings scanned:                 39
Detail records fetched:           16
Excluded (out of scope):          11  (shared classifier)
Skipped (known out of scope):      0
Excluded (older than 2026-08-21): 24
Skipped (known old):               0
Flagged needs_review:              1
New jobs added:                    4
Duplicates skipped:                0
Detail failures:                   0
