/Users/gaganakki/Documents/SahiLabs/HealthCareers/job-scrappers/.venv/lib/python3.9/site-packages/urllib3/__init__.py:35: NotOpenSSLWarning: urllib3 v2 only supports OpenSSL 1.1.1+, currently the 'ssl' module is compiled with 'LibreSSL 2.8.3'. See: https://github.com/urllib3/urllib3/issues/3020
  warnings.warn(
23:12:22 INFO robots.txt check passed for https://propharmagroup.wd1.myworkdayjobs.com
23:12:22 INFO Existing CSV has 0 known jobs (0 known-old, 0 known out-of-scope skipped); keeping jobs posted on/after 2026-08-20
23:12:24 INFO [ppgcareers] board lists 67 open postings
23:12:58 INFO [ppgcareers] walked the whole board (67 postings)
23:12:58 INFO Wrote /Users/gaganakki/Documents/SahiLabs/HealthCareers/job-scrappers/scrappers/propharma/propharma_jobs.csv (5 total rows)
23:12:58 INFO Wrote /Users/gaganakki/Documents/SahiLabs/HealthCareers/job-scrappers/jobs_csv/27-08-2026/propharma.csv (5 rows, HealthCareers.club schema)
23:12:58 INFO Moved 8 rows to /Users/gaganakki/Documents/SahiLabs/HealthCareers/job-scrappers/scrappers/propharma/out-of-scope.csv (8 total, kept for review)

===== Run summary =====
Postings scanned:                 67
Detail records fetched:           13
Excluded (out of scope):           8  (shared classifier)
Skipped (known out of scope):      0
Excluded (older than 2026-08-20): 54
Skipped (known old):               0
Flagged needs_review:              0
New jobs added:                    5
Duplicates skipped:                0
Detail failures:                   0
