/Users/gaganakki/Documents/SahiLabs/HealthCareers/job-scrappers/.venv/lib/python3.9/site-packages/urllib3/__init__.py:35: NotOpenSSLWarning: urllib3 v2 only supports OpenSSL 1.1.1+, currently the 'ssl' module is compiled with 'LibreSSL 2.8.3'. See: https://github.com/urllib3/urllib3/issues/3020
  warnings.warn(
23:13:06 INFO robots.txt check passed for https://corrohealth.wd1.myworkdayjobs.com
23:13:06 INFO Existing CSV has 0 known jobs (0 known-old, 0 known out-of-scope skipped); keeping jobs posted on/after 2026-08-20
23:13:08 INFO [Corro] board lists 26 open postings
23:13:42 INFO [Corro] walked the whole board (26 postings)
23:13:44 INFO [CorroHealthIndia] board lists 124 open postings
23:14:17 INFO [CorroHealthIndia] walked the whole board (124 postings)
23:14:17 INFO Wrote /Users/gaganakki/Documents/SahiLabs/HealthCareers/job-scrappers/scrappers/corrohealth/corrohealth_jobs.csv (6 total rows)
23:14:17 INFO Wrote /Users/gaganakki/Documents/SahiLabs/HealthCareers/job-scrappers/jobs_csv/27-08-2026/corrohealth.csv (6 rows, HealthCareers.club schema)
23:14:17 INFO Moved 10 rows to /Users/gaganakki/Documents/SahiLabs/HealthCareers/job-scrappers/scrappers/corrohealth/out-of-scope.csv (10 total, kept for review)

===== Run summary =====
Postings scanned:                150
Detail records fetched:           16
Excluded (out of scope):          10  (shared classifier)
Skipped (known out of scope):      0
Excluded (older than 2026-08-20): 134
Skipped (known old):               0
Flagged needs_review:              0
New jobs added:                    6
Duplicates skipped:                0
Detail failures:                   0
