/Users/gaganakki/Documents/SahiLabs/HealthCareers/job-scrappers/.venv/lib/python3.9/site-packages/urllib3/__init__.py:35: NotOpenSSLWarning: urllib3 v2 only supports OpenSSL 1.1.1+, currently the 'ssl' module is compiled with 'LibreSSL 2.8.3'. See: https://github.com/urllib3/urllib3/issues/3020
  warnings.warn(
18:01:59 INFO robots.txt check passed for https://alvotech.wd103.myworkdayjobs.com
18:01:59 INFO Existing CSV has 0 known jobs (0 known-old, 0 known out-of-scope skipped); keeping jobs posted on/after 2026-08-21
18:02:01 INFO [Alvotech_Careers] board lists 16 open postings
18:02:16 INFO [Alvotech_Careers] walked the whole board (16 postings)
18:02:16 INFO Wrote /Users/gaganakki/Documents/SahiLabs/HealthCareers/job-scrappers/scrappers/alvotech/alvotech_jobs.csv (1 total rows)
18:02:16 INFO Wrote /Users/gaganakki/Documents/SahiLabs/HealthCareers/job-scrappers/jobs_csv/28-08-2026/alvotech.csv (1 rows, HealthCareers.club schema)
18:02:16 INFO Moved 6 rows to /Users/gaganakki/Documents/SahiLabs/HealthCareers/job-scrappers/scrappers/alvotech/out-of-scope.csv (6 total, kept for review)

===== Run summary =====
Postings scanned:                 16
Detail records fetched:            7
Excluded (out of scope):           6  (shared classifier)
Skipped (known out of scope):      0
Excluded (older than 2026-08-21):  9
Skipped (known old):               0
Flagged needs_review:              0
New jobs added:                    1
Duplicates skipped:                0
Detail failures:                   0
