/Users/gaganakki/Documents/SahiLabs/HealthCareers/job-scrappers/.venv/lib/python3.9/site-packages/urllib3/__init__.py:35: NotOpenSSLWarning: urllib3 v2 only supports OpenSSL 1.1.1+, currently the 'ssl' module is compiled with 'LibreSSL 2.8.3'. See: https://github.com/urllib3/urllib3/issues/3020
  warnings.warn(
16:38:59 INFO robots.txt check passed
16:39:00 INFO Facet check passed: ['Medical and Clinical', 'Epidemiology and Health Outcomes', 'Regulatory'] (live counts: {'Medical and Clinical': 106, 'Epidemiology and Health Outcomes': 13, 'Regulatory': 12} of 745 total jobs)
16:39:00 INFO Existing CSV has 0 known jobs (0 known out-of-scope); keeping jobs posted on/after 2026-08-21
16:40:29 INFO Wrote /Users/gaganakki/Documents/SahiLabs/HealthCareers/job-scrappers/scrappers/gsk/gsk_jobs.csv (43 total rows)
16:40:29 INFO Wrote /Users/gaganakki/Documents/SahiLabs/HealthCareers/job-scrappers/jobs_csv/28-08-2026/gsk.csv (43 rows, HealthCareers.club schema)
16:40:29 INFO Moved 3 rows to /Users/gaganakki/Documents/SahiLabs/HealthCareers/job-scrappers/scrappers/gsk/out-of-scope.csv (3 total, kept for review)
16:40:29 INFO Wrote /Users/gaganakki/Documents/SahiLabs/HealthCareers/job-scrappers/scrappers/gsk/needs_review.csv (1 titles to review)

===== Run summary =====
Crawl scope:                  category facets ['Medical and Clinical', 'Epidemiology and Health Outcomes', 'Regulatory']
Cards scanned:                   100
Excluded (out of scope):           3  (shared classifier)
Skipped (known out of scope):      0
Excluded (older than 2026-08-21): 54
Flagged needs_review:              1
  of which non-English JDs:        1
New jobs added:                   43
Duplicates skipped:                0
Detail fetch failures:             0
Top sub-categories (this run):
    17  Non Clinical / MSL
    13  Non Clinical / Clinical Research
     5  Non Clinical / Regulatory Affairs
     4  Non Clinical / Pharmacovigilance
     2  Non Clinical / HEOR
     2  Non Clinical / Medical Writer
