/Users/gaganakki/Documents/SahiLabs/HealthCareers/job-scrappers/.venv/lib/python3.9/site-packages/urllib3/__init__.py:35: NotOpenSSLWarning: urllib3 v2 only supports OpenSSL 1.1.1+, currently the 'ssl' module is compiled with 'LibreSSL 2.8.3'. See: https://github.com/urllib3/urllib3/issues/3020
  warnings.warn(
17:22:13 INFO robots.txt check passed for https://jj.wd5.myworkdayjobs.com
17:22:13 INFO Existing CSV has 0 known jobs (0 known-old, 0 known out-of-scope skipped); keeping jobs posted on/after 2026-08-21
17:22:15 INFO [JJ] board lists 1726 open postings
17:28:11 INFO [JJ] page cap (8) reached — stopping
17:28:11 INFO Wrote /Users/gaganakki/Documents/SahiLabs/HealthCareers/job-scrappers/scrappers/jj/jj_jobs.csv (19 total rows)
17:28:12 INFO Wrote /Users/gaganakki/Documents/SahiLabs/HealthCareers/job-scrappers/jobs_csv/28-08-2026/jj.csv (19 rows, HealthCareers.club schema)
17:28:12 INFO Moved 140 rows to /Users/gaganakki/Documents/SahiLabs/HealthCareers/job-scrappers/scrappers/jj/out-of-scope.csv (140 total, kept for review)

===== Run summary =====
Postings scanned:                160
Detail records fetched:          159
Excluded (out of scope):         140  (shared classifier)
Skipped (known out of scope):      1
Excluded (older than 2026-08-21):  0
Skipped (known old):               0
Flagged needs_review:              0
New jobs added:                   19
Duplicates skipped:                0
Detail failures:                   0
