/Users/gaganakki/Documents/SahiLabs/HealthCareers/job-scrappers/.venv/lib/python3.9/site-packages/urllib3/__init__.py:35: NotOpenSSLWarning: urllib3 v2 only supports OpenSSL 1.1.1+, currently the 'ssl' module is compiled with 'LibreSSL 2.8.3'. See: https://github.com/urllib3/urllib3/issues/3020
  warnings.warn(
17:33:48 INFO robots.txt check passed for https://baxter.wd1.myworkdayjobs.com
17:33:48 INFO Existing CSV has 0 known jobs (0 known-old, 0 known out-of-scope skipped); keeping jobs posted on/after 2026-08-21
17:33:51 INFO [baxter] board lists 565 open postings
17:40:22 INFO [baxter] 2 consecutive pages outside the window — stopping at offset 200
17:40:22 INFO Wrote /Users/gaganakki/Documents/SahiLabs/HealthCareers/job-scrappers/scrappers/baxter/baxter_jobs.csv (4 total rows)
17:40:22 INFO Wrote /Users/gaganakki/Documents/SahiLabs/HealthCareers/job-scrappers/jobs_csv/28-08-2026/baxter.csv (4 rows, HealthCareers.club schema)
17:40:22 INFO Moved 138 rows to /Users/gaganakki/Documents/SahiLabs/HealthCareers/job-scrappers/scrappers/baxter/out-of-scope.csv (138 total, kept for review)

===== Run summary =====
Postings scanned:                200
Detail records fetched:          142
Excluded (out of scope):         138  (shared classifier)
Skipped (known out of scope):      0
Excluded (older than 2026-08-21): 58
Skipped (known old):               0
Flagged needs_review:              0
New jobs added:                    4
Duplicates skipped:                0
Detail failures:                   0
