/Users/gaganakki/Documents/SahiLabs/HealthCareers/job-scrappers/.venv/lib/python3.9/site-packages/urllib3/__init__.py:35: NotOpenSSLWarning: urllib3 v2 only supports OpenSSL 1.1.1+, currently the 'ssl' module is compiled with 'LibreSSL 2.8.3'. See: https://github.com/urllib3/urllib3/issues/3020
  warnings.warn(
18:02:54 INFO robots.txt check passed for https://kenvue.wd5.myworkdayjobs.com
18:02:54 INFO Existing CSV has 0 known jobs (0 known-old, 0 known out-of-scope skipped); keeping jobs posted on/after 2026-08-21
18:02:56 INFO [kenvue] board lists 194 open postings
18:05:47 INFO [kenvue] walked the whole board (194 postings)
18:05:47 INFO Wrote /Users/gaganakki/Documents/SahiLabs/HealthCareers/job-scrappers/scrappers/kenvue/kenvue_jobs.csv (4 total rows)
18:05:47 INFO Wrote /Users/gaganakki/Documents/SahiLabs/HealthCareers/job-scrappers/jobs_csv/28-08-2026/kenvue.csv (4 rows, HealthCareers.club schema)
18:05:47 INFO Moved 70 rows to /Users/gaganakki/Documents/SahiLabs/HealthCareers/job-scrappers/scrappers/kenvue/out-of-scope.csv (70 total, kept for review)

===== Run summary =====
Postings scanned:                194
Detail records fetched:           74
Excluded (out of scope):          70  (shared classifier)
Skipped (known out of scope):      0
Excluded (older than 2026-08-21): 120
Skipped (known old):               0
Flagged needs_review:              0
New jobs added:                    4
Duplicates skipped:                0
Detail failures:                   0
