/Users/gaganakki/Documents/SahiLabs/HealthCareers/job-scrappers/.venv/lib/python3.9/site-packages/urllib3/__init__.py:35: NotOpenSSLWarning: urllib3 v2 only supports OpenSSL 1.1.1+, currently the 'ssl' module is compiled with 'LibreSSL 2.8.3'. See: https://github.com/urllib3/urllib3/issues/3020
  warnings.warn(
18:08:17 INFO robots.txt check passed for https://calyx.wd1.myworkdayjobs.com
18:08:17 INFO Existing CSV has 0 known jobs (0 known-old, 0 known out-of-scope skipped); keeping jobs posted on/after 2026-01-01 (--since override)
18:08:19 INFO [Perceptive] board lists 28 open postings
18:09:24 INFO [Perceptive] walked the whole board (28 postings)
18:09:24 INFO Wrote /Users/gaganakki/Documents/SahiLabs/HealthCareers/job-scrappers/scrappers/calyx/calyx_jobs.csv (4 total rows)
18:09:24 INFO Wrote /Users/gaganakki/Documents/SahiLabs/HealthCareers/job-scrappers/jobs_csv/28-08-2026/calyx.csv (4 rows, HealthCareers.club schema)
18:09:24 INFO Moved 24 rows to /Users/gaganakki/Documents/SahiLabs/HealthCareers/job-scrappers/scrappers/calyx/out-of-scope.csv (24 total, kept for review)
18:09:24 INFO Wrote /Users/gaganakki/Documents/SahiLabs/HealthCareers/job-scrappers/scrappers/calyx/needs_review.csv (1 titles to review)

===== Run summary =====
Postings scanned:                 28
Detail records fetched:           28
Excluded (out of scope):          24  (shared classifier)
Skipped (known out of scope):      0
Excluded (older than 2026-01-01):  0
Skipped (known old):               0
Flagged needs_review:              1
New jobs added:                    4
Duplicates skipped:                0
Detail failures:                   0
