/Users/gaganakki/Documents/SahiLabs/HealthCareers/job-scrappers/.venv/lib/python3.9/site-packages/urllib3/__init__.py:35: NotOpenSSLWarning: urllib3 v2 only supports OpenSSL 1.1.1+, currently the 'ssl' module is compiled with 'LibreSSL 2.8.3'. See: https://github.com/urllib3/urllib3/issues/3020
  warnings.warn(
18:03:52 INFO robots.txt check passed for https://relx.wd3.myworkdayjobs.com
18:03:52 INFO Existing CSV has 0 known jobs (0 known-old, 0 known out-of-scope skipped); keeping jobs posted on/after 2026-08-21
18:03:55 INFO [ElsevierJobs] board lists 135 open postings
18:05:04 INFO [ElsevierJobs] walked the whole board (135 postings)
18:05:04 INFO Wrote /Users/gaganakki/Documents/SahiLabs/HealthCareers/job-scrappers/scrappers/elsevier/elsevier_jobs.csv (1 total rows)
18:05:04 INFO Wrote /Users/gaganakki/Documents/SahiLabs/HealthCareers/job-scrappers/jobs_csv/28-08-2026/elsevier.csv (1 rows, HealthCareers.club schema)
18:05:04 INFO Moved 26 rows to /Users/gaganakki/Documents/SahiLabs/HealthCareers/job-scrappers/scrappers/elsevier/out-of-scope.csv (26 total, kept for review)

===== Run summary =====
Postings scanned:                135
Detail records fetched:           27
Excluded (out of scope):          26  (shared classifier)
Skipped (known out of scope):      0
Excluded (older than 2026-08-21): 108
Skipped (known old):               0
Flagged needs_review:              0
New jobs added:                    1
Duplicates skipped:                0
Detail failures:                   0
