/Users/gaganakki/Documents/SahiLabs/HealthCareers/job-scrappers/.venv/lib/python3.9/site-packages/urllib3/__init__.py:35: NotOpenSSLWarning: urllib3 v2 only supports OpenSSL 1.1.1+, currently the 'ssl' module is compiled with 'LibreSSL 2.8.3'. See: https://github.com/urllib3/urllib3/issues/3020
  warnings.warn(
17:34:56 INFO robots.txt check passed for https://stryker.wd1.myworkdayjobs.com
17:34:56 INFO Existing CSV has 0 known jobs (0 known-old, 0 known out-of-scope skipped); keeping jobs posted on/after 2026-08-21
17:34:59 INFO [StrykerCareers] board lists 1186 open postings
17:45:54 INFO [StrykerCareers] page cap (15) reached — stopping
17:45:54 INFO Wrote /Users/gaganakki/Documents/SahiLabs/HealthCareers/job-scrappers/scrappers/stryker/stryker_jobs.csv (2 total rows)
17:45:54 INFO Wrote /Users/gaganakki/Documents/SahiLabs/HealthCareers/job-scrappers/jobs_csv/28-08-2026/stryker.csv (2 rows, HealthCareers.club schema)
17:45:54 INFO Moved 264 rows to /Users/gaganakki/Documents/SahiLabs/HealthCareers/job-scrappers/scrappers/stryker/out-of-scope.csv (264 total, kept for review)

===== Run summary =====
Postings scanned:                300
Detail records fetched:          266
Excluded (out of scope):         264  (shared classifier)
Skipped (known out of scope):      0
Excluded (older than 2026-08-21): 34
Skipped (known old):               0
Flagged needs_review:              0
New jobs added:                    2
Duplicates skipped:                0
Detail failures:                   0
