/Users/gaganakki/Documents/SahiLabs/HealthCareers/job-scrappers/.venv/lib/python3.9/site-packages/urllib3/__init__.py:35: NotOpenSSLWarning: urllib3 v2 only supports OpenSSL 1.1.1+, currently the 'ssl' module is compiled with 'LibreSSL 2.8.3'. See: https://github.com/urllib3/urllib3/issues/3020
  warnings.warn(
17:50:14 INFO robots.txt check passed for https://msd.wd5.myworkdayjobs.com
17:50:14 INFO Existing CSV has 0 known jobs (0 known-old, 0 known out-of-scope skipped); keeping jobs posted on/after 2026-08-21 (--since override)
17:50:16 INFO [SearchJobs] board lists 891 open postings
18:05:10 INFO [SearchJobs] 2 consecutive pages outside the window — stopping at offset 460
18:05:10 INFO Wrote /Users/gaganakki/Documents/SahiLabs/HealthCareers/job-scrappers/scrappers/msd/msd_jobs.csv (60 total rows)
18:05:10 INFO Wrote /Users/gaganakki/Documents/SahiLabs/HealthCareers/job-scrappers/jobs_csv/28-08-2026/msd.csv (60 rows, HealthCareers.club schema)
18:05:10 INFO Moved 325 rows to /Users/gaganakki/Documents/SahiLabs/HealthCareers/job-scrappers/scrappers/msd/out-of-scope.csv (325 total, kept for review)
18:05:10 INFO Wrote /Users/gaganakki/Documents/SahiLabs/HealthCareers/job-scrappers/scrappers/msd/needs_review.csv (3 titles to review)

===== Run summary =====
Postings scanned:                460
Detail records fetched:          385
Excluded (out of scope):         325  (shared classifier)
Skipped (known out of scope):      0
Excluded (older than 2026-08-21): 75
Skipped (known old):               0
Flagged needs_review:              3
New jobs added:                   60
Duplicates skipped:                0
Detail failures:                   0
