/Users/gaganakki/Documents/SahiLabs/HealthCareers/job-scrappers/.venv/lib/python3.9/site-packages/urllib3/__init__.py:35: NotOpenSSLWarning: urllib3 v2 only supports OpenSSL 1.1.1+, currently the 'ssl' module is compiled with 'LibreSSL 2.8.3'. See: https://github.com/urllib3/urllib3/issues/3020
  warnings.warn(
17:37:46 INFO robots.txt check passed for https://myhrabc.wd5.myworkdayjobs.com
17:37:46 INFO Existing CSV has 0 known jobs (0 known-old, 0 known out-of-scope skipped); keeping jobs posted on/after 2026-08-21
17:37:49 INFO [Global] board lists 970 open postings
17:45:29 INFO [Global] page cap (15) reached — stopping
17:45:29 INFO Wrote /Users/gaganakki/Documents/SahiLabs/HealthCareers/job-scrappers/scrappers/cencora/cencora_jobs.csv (5 total rows)
17:45:29 INFO Wrote /Users/gaganakki/Documents/SahiLabs/HealthCareers/job-scrappers/jobs_csv/28-08-2026/cencora.csv (5 rows, HealthCareers.club schema)
17:45:29 INFO Moved 194 rows to /Users/gaganakki/Documents/SahiLabs/HealthCareers/job-scrappers/scrappers/cencora/out-of-scope.csv (194 total, kept for review)

===== Run summary =====
Postings scanned:                300
Detail records fetched:          199
Excluded (out of scope):         194  (shared classifier)
Skipped (known out of scope):      0
Excluded (older than 2026-08-21): 101
Skipped (known old):               0
Flagged needs_review:              0
New jobs added:                    5
Duplicates skipped:                0
Detail failures:                   0
