/Users/gaganakki/Documents/SahiLabs/HealthCareers/job-scrappers/.venv/lib/python3.9/site-packages/urllib3/__init__.py:35: NotOpenSSLWarning: urllib3 v2 only supports OpenSSL 1.1.1+, currently the 'ssl' module is compiled with 'LibreSSL 2.8.3'. See: https://github.com/urllib3/urllib3/issues/3020
  warnings.warn(
17:33:51 INFO robots.txt check passed for https://elanco.wd5.myworkdayjobs.com
17:33:51 INFO Existing CSV has 0 known jobs (0 known-old, 0 known out-of-scope skipped); keeping jobs posted on/after 2026-08-21
17:33:54 INFO [External_Career] board lists 371 open postings
17:38:11 INFO [External_Career] 2 consecutive pages outside the window — stopping at offset 140
17:38:11 INFO Wrote /Users/gaganakki/Documents/SahiLabs/HealthCareers/job-scrappers/scrappers/elanco/elanco_jobs.csv (6 total rows)
17:38:11 INFO Wrote /Users/gaganakki/Documents/SahiLabs/HealthCareers/job-scrappers/jobs_csv/28-08-2026/elanco.csv (6 rows, HealthCareers.club schema)
17:38:11 INFO Moved 76 rows to /Users/gaganakki/Documents/SahiLabs/HealthCareers/job-scrappers/scrappers/elanco/out-of-scope.csv (76 total, kept for review)

===== Run summary =====
Postings scanned:                140
Detail records fetched:           82
Excluded (out of scope):          76  (shared classifier)
Skipped (known out of scope):      0
Excluded (older than 2026-08-21): 58
Skipped (known old):               0
Flagged needs_review:              0
New jobs added:                    6
Duplicates skipped:                0
Detail failures:                   0
