/Users/gaganakki/Documents/SahiLabs/HealthCareers/job-scrappers/.venv/lib/python3.9/site-packages/urllib3/__init__.py:35: NotOpenSSLWarning: urllib3 v2 only supports OpenSSL 1.1.1+, currently the 'ssl' module is compiled with 'LibreSSL 2.8.3'. See: https://github.com/urllib3/urllib3/issues/3020
  warnings.warn(
17:22:47 INFO robots.txt check passed for https://clarioclinical.wd1.myworkdayjobs.com
17:22:47 INFO Existing CSV has 0 known jobs (0 known-old, 0 known out-of-scope skipped); keeping jobs posted on/after 2026-08-21
17:22:49 INFO [clarioclinical_careers] board lists 77 open postings
17:24:05 INFO [clarioclinical_careers] walked the whole board (77 postings)
17:24:05 INFO Wrote /Users/gaganakki/Documents/SahiLabs/HealthCareers/job-scrappers/scrappers/clarioclinical/clarioclinical_jobs.csv (17 total rows)
17:24:06 INFO Wrote /Users/gaganakki/Documents/SahiLabs/HealthCareers/job-scrappers/jobs_csv/28-08-2026/clarioclinical.csv (17 rows, HealthCareers.club schema)
17:24:06 INFO Moved 15 rows to /Users/gaganakki/Documents/SahiLabs/HealthCareers/job-scrappers/scrappers/clarioclinical/out-of-scope.csv (15 total, kept for review)

===== Run summary =====
Postings scanned:                 77
Detail records fetched:           32
Excluded (out of scope):          15  (shared classifier)
Skipped (known out of scope):      0
Excluded (older than 2026-08-21): 45
Skipped (known old):               0
Flagged needs_review:              0
New jobs added:                   17
Duplicates skipped:                0
Detail failures:                   0
