/Users/gaganakki/Documents/SahiLabs/HealthCareers/job-scrappers/.venv/lib/python3.9/site-packages/urllib3/__init__.py:35: NotOpenSSLWarning: urllib3 v2 only supports OpenSSL 1.1.1+, currently the 'ssl' module is compiled with 'LibreSSL 2.8.3'. See: https://github.com/urllib3/urllib3/issues/3020
  warnings.warn(
17:11:52 INFO robots.txt check passed for https://astrazeneca.wd3.myworkdayjobs.com
17:11:52 INFO Existing CSV has 0 known jobs (0 known-old, 0 known out-of-scope skipped); keeping jobs posted on/after 2026-08-21
17:11:54 INFO [Careers] board lists 1234 open postings
17:23:19 INFO [Careers] page cap (15) reached — stopping
17:23:19 INFO Wrote /Users/gaganakki/Documents/SahiLabs/HealthCareers/job-scrappers/scrappers/astrazeneca/astrazeneca_jobs.csv (82 total rows)
17:23:19 INFO Wrote /Users/gaganakki/Documents/SahiLabs/HealthCareers/job-scrappers/jobs_csv/28-08-2026/astrazeneca.csv (82 rows, HealthCareers.club schema)
17:23:19 INFO Moved 218 rows to /Users/gaganakki/Documents/SahiLabs/HealthCareers/job-scrappers/scrappers/astrazeneca/out-of-scope.csv (218 total, kept for review)
17:23:19 INFO Wrote /Users/gaganakki/Documents/SahiLabs/HealthCareers/job-scrappers/scrappers/astrazeneca/needs_review.csv (2 titles to review)

===== Run summary =====
Postings scanned:                300
Detail records fetched:          300
Excluded (out of scope):         218  (shared classifier)
Skipped (known out of scope):      0
Excluded (older than 2026-08-21):  0
Skipped (known old):               0
Flagged needs_review:              2
New jobs added:                   82
Duplicates skipped:                0
Detail failures:                   0
