/Users/gaganakki/Documents/SahiLabs/HealthCareers/job-scrappers/.venv/lib/python3.9/site-packages/urllib3/__init__.py:35: NotOpenSSLWarning: urllib3 v2 only supports OpenSSL 1.1.1+, currently the 'ssl' module is compiled with 'LibreSSL 2.8.3'. See: https://github.com/urllib3/urllib3/issues/3020
  warnings.warn(
18:03:09 INFO robots.txt check passed for https://resmed.wd3.myworkdayjobs.com
18:03:09 INFO Existing CSV has 0 known jobs (0 known-old, 0 known out-of-scope skipped); keeping jobs posted on/after 2026-08-21
18:03:11 INFO [ResMed_External_Careers] board lists 224 open postings
18:03:13 WARNING HTTP 403 for https://resmed.wd3.myworkdayjobs.com/wday/cxs/resmed/ResMed_External_Careers/job/Munich-Germany/Kundenberater-in---Schlafcoach--m-w-d--am-Standort-Mnchen-in-Vollzeit-befristet-auf-ein-Jahr_JR_053121-1 — skipping
18:03:13 WARNING [ResMed_External_Careers] no detail for job_id=JR_053121
18:04:40 INFO [ResMed_External_Careers] 2 consecutive pages outside the window — stopping at offset 80
18:04:40 INFO Wrote /Users/gaganakki/Documents/SahiLabs/HealthCareers/job-scrappers/scrappers/resmed/resmed_jobs.csv (3 total rows)
18:04:40 INFO Wrote /Users/gaganakki/Documents/SahiLabs/HealthCareers/job-scrappers/jobs_csv/28-08-2026/resmed.csv (3 rows, HealthCareers.club schema)
18:04:40 INFO Moved 36 rows to /Users/gaganakki/Documents/SahiLabs/HealthCareers/job-scrappers/scrappers/resmed/out-of-scope.csv (36 total, kept for review)

===== Run summary =====
Postings scanned:                 80
Detail records fetched:           40
Excluded (out of scope):          36  (shared classifier)
Skipped (known out of scope):      0
Excluded (older than 2026-08-21): 40
Skipped (known old):               0
Flagged needs_review:              0
New jobs added:                    3
Duplicates skipped:                0
Detail failures:                   1
