/Users/gaganakki/Documents/SahiLabs/HealthCareers/job-scrappers/.venv/lib/python3.9/site-packages/urllib3/__init__.py:35: NotOpenSSLWarning: urllib3 v2 only supports OpenSSL 1.1.1+, currently the 'ssl' module is compiled with 'LibreSSL 2.8.3'. See: https://github.com/urllib3/urllib3/issues/3020
  warnings.warn(
16:39:15 INFO robots.txt check passed for https://r1rcm.wd1.myworkdayjobs.com
16:39:15 INFO Existing CSV has 0 known jobs (0 known-old, 0 known out-of-scope skipped); keeping jobs posted on/after 2026-08-21
16:39:18 INFO [R1RCM] board lists 505 open postings
16:39:40 INFO [R1RCM] 2 consecutive pages outside the window — stopping at offset 160
16:39:40 INFO Wrote /Users/gaganakki/Documents/SahiLabs/HealthCareers/job-scrappers/scrappers/r1rcm/r1rcm_jobs.csv (1 total rows)
16:39:40 INFO Wrote /Users/gaganakki/Documents/SahiLabs/HealthCareers/job-scrappers/jobs_csv/28-08-2026/r1rcm.csv (1 rows, HealthCareers.club schema)
16:39:40 INFO Moved 111 rows to /Users/gaganakki/Documents/SahiLabs/HealthCareers/job-scrappers/scrappers/r1rcm/out-of-scope.csv (111 total, kept for review)

===== Run summary =====
Postings scanned:                160
Detail records fetched:            3
Excluded (title pre-screen):     109  (no detail fetch)
Excluded (out of scope):           2  (shared classifier)
Skipped (known out of scope):      0
Excluded (older than 2026-08-21): 48
Skipped (known old):               0
Flagged needs_review:              0
New jobs added:                    1
Duplicates skipped:                0
Detail failures:                   0
