/Users/gaganakki/Documents/SahiLabs/HealthCareers/job-scrappers/.venv/lib/python3.9/site-packages/urllib3/__init__.py:35: NotOpenSSLWarning: urllib3 v2 only supports OpenSSL 1.1.1+, currently the 'ssl' module is compiled with 'LibreSSL 2.8.3'. See: https://github.com/urllib3/urllib3/issues/3020
  warnings.warn(
16:34:25 INFO robots.txt check passed for https://bristolmyerssquibb.wd5.myworkdayjobs.com
16:34:25 INFO Existing CSV has 0 known jobs (0 known-old, 0 known out-of-scope skipped); keeping jobs posted on/after 2026-08-21
16:34:28 INFO [BMS] board lists 677 open postings; scoping the crawl to 4 jobFamilyGroup value(s): 'Clinical Development' (69 postings, id 149748d319111024cd219db22da54096); 'Medical Affairs' (59 postings, id 149748d319111024cd21dd6c129540bc); 'Regulatory Affairs' (30 postings, id 56d1e4178f8910013cc3668dbf510000); 'Drug Safety' (13 postings, id 56d1e4178f8910013cc3394553c20000)
16:34:30 INFO [BMS] facet scope covers 171 of the board's 677 open postings
16:35:43 INFO [BMS] walked the whole facet scope (171 postings)
16:35:43 INFO Wrote /Users/gaganakki/Documents/SahiLabs/HealthCareers/job-scrappers/scrappers/bms/bms_jobs.csv (21 total rows)
16:35:43 INFO Wrote /Users/gaganakki/Documents/SahiLabs/HealthCareers/job-scrappers/jobs_csv/28-08-2026/bms.csv (21 rows, HealthCareers.club schema)
16:35:43 INFO Moved 5 rows to /Users/gaganakki/Documents/SahiLabs/HealthCareers/job-scrappers/scrappers/bms/out-of-scope.csv (5 total, kept for review)

===== Run summary =====
Crawl scope [BMS]: jobFamilyGroup facet — Clinical Development (69); Medical Affairs (59); Regulatory Affairs (30); Drug Safety (13)
Postings scanned:                171
Detail records fetched:           26
Excluded (out of scope):           5  (shared classifier)
Skipped (known out of scope):      0
Excluded (older than 2026-08-21): 145
Skipped (known old):               0
Flagged needs_review:              0
New jobs added:                   21
Duplicates skipped:                0
Detail failures:                   0
