/Users/gaganakki/Documents/SahiLabs/HealthCareers/job-scrappers/.venv/lib/python3.9/site-packages/urllib3/__init__.py:35: NotOpenSSLWarning: urllib3 v2 only supports OpenSSL 1.1.1+, currently the 'ssl' module is compiled with 'LibreSSL 2.8.3'. See: https://github.com/urllib3/urllib3/issues/3020
  warnings.warn(
17:18:40 INFO robots.txt check passed for https://syneoshealth.wd12.myworkdayjobs.com
17:18:40 INFO Existing CSV has 0 known jobs (0 known-old, 0 known out-of-scope skipped); keeping jobs posted on/after 2026-08-21
17:18:42 INFO [Syneos_Health_External_Site] board lists 658 open postings
17:23:22 INFO [Syneos_Health_External_Site] 2 consecutive pages outside the window — stopping at offset 180
17:23:22 INFO Wrote /Users/gaganakki/Documents/SahiLabs/HealthCareers/job-scrappers/scrappers/syneoshealth/syneoshealth_jobs.csv (82 total rows)
17:23:23 INFO Wrote /Users/gaganakki/Documents/SahiLabs/HealthCareers/job-scrappers/jobs_csv/28-08-2026/syneoshealth.csv (82 rows, HealthCareers.club schema)
17:23:23 INFO Moved 40 rows to /Users/gaganakki/Documents/SahiLabs/HealthCareers/job-scrappers/scrappers/syneoshealth/out-of-scope.csv (40 total, kept for review)

===== Run summary =====
Postings scanned:                180
Detail records fetched:          122
Excluded (out of scope):          40  (shared classifier)
Skipped (known out of scope):      0
Excluded (older than 2026-08-21): 58
Skipped (known old):               0
Flagged needs_review:              0
New jobs added:                   82
Duplicates skipped:                0
Detail failures:                   0
