/Users/gaganakki/Documents/SahiLabs/HealthCareers/job-scrappers/.venv/lib/python3.9/site-packages/urllib3/__init__.py:35: NotOpenSSLWarning: urllib3 v2 only supports OpenSSL 1.1.1+, currently the 'ssl' module is compiled with 'LibreSSL 2.8.3'. See: https://github.com/urllib3/urllib3/issues/3020
  warnings.warn(
20:42:03 INFO robots.txt check passed for https://solenis.wd1.myworkdayjobs.com
20:42:03 INFO Existing CSV has 0 known jobs (0 known-old, 0 known out-of-scope skipped); keeping jobs posted on/after 2026-08-21
20:42:05 INFO [Solenis] board lists 567 open postings
20:46:28 INFO [Solenis] 2 consecutive pages outside the window — stopping at offset 160
20:46:28 INFO No new jobs; /Users/gaganakki/Documents/SahiLabs/HealthCareers/job-scrappers/scrappers/solenis/solenis_jobs.csv left unchanged
20:46:28 INFO Moved 113 rows to /Users/gaganakki/Documents/SahiLabs/HealthCareers/job-scrappers/scrappers/solenis/out-of-scope.csv (113 total, kept for review)

===== Run summary =====
Postings scanned:                160
Detail records fetched:          113
Excluded (out of scope):         113  (shared classifier)
Skipped (known out of scope):      0
Excluded (older than 2026-08-21): 47
Skipped (known old):               0
Flagged needs_review:              0
New jobs added:                    0
Duplicates skipped:                0
Detail failures:                   0
/Users/gaganakki/Documents/SahiLabs/HealthCareers/job-scrappers/.venv/lib/python3.9/site-packages/urllib3/__init__.py:35: NotOpenSSLWarning: urllib3 v2 only supports OpenSSL 1.1.1+, currently the 'ssl' module is compiled with 'LibreSSL 2.8.3'. See: https://github.com/urllib3/urllib3/issues/3020
  warnings.warn(
20:46:40 INFO robots.txt check passed for https://solenis.wd1.myworkdayjobs.com
20:46:40 INFO Existing CSV has 0 known jobs (47 known-old, 113 known out-of-scope skipped); keeping jobs posted on/after 2026-06-01 (--since override)
20:46:42 INFO [Solenis] board lists 567 open postings
20:53:53 INFO [Solenis] page cap (15) reached — stopping
20:53:53 INFO No new jobs; /Users/gaganakki/Documents/SahiLabs/HealthCareers/job-scrappers/scrappers/solenis/solenis_jobs.csv left unchanged
20:53:54 INFO Moved 187 rows to /Users/gaganakki/Documents/SahiLabs/HealthCareers/job-scrappers/scrappers/solenis/out-of-scope.csv (300 total, kept for review)

===== Run summary =====
Postings scanned:                300
Detail records fetched:          187
Excluded (out of scope):         187  (shared classifier)
Skipped (known out of scope):    113
Excluded (older than 2026-06-01):  0
Skipped (known old):               0
Flagged needs_review:              0
New jobs added:                    0
Duplicates skipped:                0
Detail failures:                   0
