/Users/gaganakki/Documents/SahiLabs/HealthCareers/job-scrappers/.venv/lib/python3.9/site-packages/urllib3/__init__.py:35: NotOpenSSLWarning: urllib3 v2 only supports OpenSSL 1.1.1+, currently the 'ssl' module is compiled with 'LibreSSL 2.8.3'. See: https://github.com/urllib3/urllib3/issues/3020
  warnings.warn(
16:36:44 INFO robots.txt check passed for https://premierresearch.wd12.myworkdayjobs.com
16:36:44 INFO Existing CSV has 0 known jobs (0 known-old, 0 known out-of-scope skipped); keeping jobs posted on/after 2026-08-21
16:36:46 INFO [PremierResearch] board lists 73 open postings
16:37:28 INFO [PremierResearch] walked the whole board (73 postings)
16:37:28 INFO Wrote /Users/gaganakki/Documents/SahiLabs/HealthCareers/job-scrappers/scrappers/premier_research/premier_research_jobs.csv (13 total rows)
16:37:28 INFO Wrote /Users/gaganakki/Documents/SahiLabs/HealthCareers/job-scrappers/jobs_csv/28-08-2026/premier_research.csv (13 rows, HealthCareers.club schema)
16:37:28 INFO Moved 5 rows to /Users/gaganakki/Documents/SahiLabs/HealthCareers/job-scrappers/scrappers/premier_research/out-of-scope.csv (5 total, kept for review)

===== Run summary =====
Postings scanned:                 73
Detail records fetched:           18
Excluded (out of scope):           5  (shared classifier)
Skipped (known out of scope):      0
Excluded (older than 2026-08-21): 55
Skipped (known old):               0
Flagged needs_review:              0
New jobs added:                   13
Duplicates skipped:                0
Detail failures:                   0
