/Users/gaganakki/Documents/SahiLabs/HealthCareers/job-scrappers/.venv/lib/python3.9/site-packages/urllib3/__init__.py:35: NotOpenSSLWarning: urllib3 v2 only supports OpenSSL 1.1.1+, currently the 'ssl' module is compiled with 'LibreSSL 2.8.3'. See: https://github.com/urllib3/urllib3/issues/3020
  warnings.warn(
20:30:46 INFO robots.txt check passed for https://zelis.wd1.myworkdayjobs.com
20:30:46 INFO Existing CSV has 0 known jobs (74 known-old, 24 known out-of-scope skipped); keeping jobs posted on/after 2026-06-01 (--since override)
20:30:50 INFO [ZelisCareers] board lists 98 open postings
20:33:41 INFO [ZelisCareers] walked the whole board (98 postings)
20:33:41 INFO Wrote /Users/gaganakki/Documents/SahiLabs/HealthCareers/job-scrappers/scrappers/zelis/zelis_jobs.csv (2 total rows)
20:33:41 INFO Wrote /Users/gaganakki/Documents/SahiLabs/HealthCareers/job-scrappers/jobs_csv/28-08-2026/zelis.csv (2 rows, HealthCareers.club schema)
20:33:41 INFO Moved 64 rows to /Users/gaganakki/Documents/SahiLabs/HealthCareers/job-scrappers/scrappers/zelis/out-of-scope.csv (88 total, kept for review)

===== Run summary =====
Postings scanned:                 98
Detail records fetched:           74
Excluded (out of scope):          64  (shared classifier)
Skipped (known out of scope):     24
Excluded (older than 2026-06-01):  8
Skipped (known old):               0
Flagged needs_review:              0
New jobs added:                    2
Duplicates skipped:                0
Detail failures:                   0
