/Users/gaganakki/Documents/SahiLabs/HealthCareers/job-scrappers/.venv/lib/python3.9/site-packages/urllib3/__init__.py:35: NotOpenSSLWarning: urllib3 v2 only supports OpenSSL 1.1.1+, currently the 'ssl' module is compiled with 'LibreSSL 2.8.3'. See: https://github.com/urllib3/urllib3/issues/3020
  warnings.warn(
18:14:23 INFO robots.txt check passed for https://gehc.wd5.myworkdayjobs.com
18:14:23 INFO Existing CSV has 0 known jobs (0 known-old, 0 known out-of-scope skipped); keeping jobs posted on/after 2026-08-21
18:14:25 INFO [GEHC_ExternalSite] board lists 960 open postings
18:22:20 INFO [GEHC_ExternalSite] 2 consecutive pages outside the window — stopping at offset 240
18:22:20 INFO Wrote /Users/gaganakki/Documents/SahiLabs/HealthCareers/job-scrappers/scrappers/gehealthcare/gehealthcare_jobs.csv (2 total rows)
18:22:20 INFO Wrote /Users/gaganakki/Documents/SahiLabs/HealthCareers/job-scrappers/jobs_csv/28-08-2026/gehealthcare.csv (2 rows, HealthCareers.club schema)
18:22:20 INFO Moved 189 rows to /Users/gaganakki/Documents/SahiLabs/HealthCareers/job-scrappers/scrappers/gehealthcare/out-of-scope.csv (189 total, kept for review)

===== Run summary =====
Postings scanned:                240
Detail records fetched:          191
Excluded (out of scope):         189  (shared classifier)
Skipped (known out of scope):      0
Excluded (older than 2026-08-21): 49
Skipped (known old):               0
Flagged needs_review:              0
New jobs added:                    2
Duplicates skipped:                0
Detail failures:                   0
