/Users/gaganakki/Documents/SahiLabs/HealthCareers/job-scrappers/.venv/lib/python3.9/site-packages/urllib3/__init__.py:35: NotOpenSSLWarning: urllib3 v2 only supports OpenSSL 1.1.1+, currently the 'ssl' module is compiled with 'LibreSSL 2.8.3'. See: https://github.com/urllib3/urllib3/issues/3020
  warnings.warn(
17:59:41 INFO robots.txt check passed for https://lonza.wd3.myworkdayjobs.com
17:59:41 INFO Existing CSV has 0 known jobs (48 known-old, 112 known out-of-scope skipped); keeping jobs posted on/after 2026-06-01 (--since override)
17:59:44 INFO [Lonza_Careers] board lists 683 open postings
18:22:09 INFO [Lonza_Careers] walked the whole board (683 postings)
18:22:09 INFO Wrote /Users/gaganakki/Documents/SahiLabs/HealthCareers/job-scrappers/scrappers/lonza/lonza_jobs.csv (9 total rows)
18:22:09 INFO Wrote /Users/gaganakki/Documents/SahiLabs/HealthCareers/job-scrappers/jobs_csv/28-08-2026/lonza.csv (9 rows, HealthCareers.club schema)
18:22:09 INFO Moved 489 rows to /Users/gaganakki/Documents/SahiLabs/HealthCareers/job-scrappers/scrappers/lonza/out-of-scope.csv (601 total, kept for review)

===== Run summary =====
Postings scanned:                684
Detail records fetched:          571
Excluded (out of scope):         489  (shared classifier)
Skipped (known out of scope):    113
Excluded (older than 2026-06-01): 73
Skipped (known old):               0
Flagged needs_review:              0
New jobs added:                    9
Duplicates skipped:                0
Detail failures:                   0
