/Users/gaganakki/Documents/SahiLabs/HealthCareers/job-scrappers/.venv/lib/python3.9/site-packages/urllib3/__init__.py:35: NotOpenSSLWarning: urllib3 v2 only supports OpenSSL 1.1.1+, currently the 'ssl' module is compiled with 'LibreSSL 2.8.3'. See: https://github.com/urllib3/urllib3/issues/3020
  warnings.warn(
17:58:54 INFO robots.txt check passed for https://sandoz.wd103.myworkdayjobs.com
17:58:54 INFO Existing CSV has 0 known jobs (0 known-old, 0 known out-of-scope skipped); keeping jobs posted on/after 2026-08-21
17:58:56 INFO [Sandoz_Careers] board lists 344 open postings
18:01:24 INFO [Sandoz_Careers] 2 consecutive pages outside the window — stopping at offset 120
18:01:24 INFO Wrote /Users/gaganakki/Documents/SahiLabs/HealthCareers/job-scrappers/scrappers/sandoz/sandoz_jobs.csv (3 total rows)
18:01:24 INFO Wrote /Users/gaganakki/Documents/SahiLabs/HealthCareers/job-scrappers/jobs_csv/28-08-2026/sandoz.csv (3 rows, HealthCareers.club schema)
18:01:24 INFO Moved 66 rows to /Users/gaganakki/Documents/SahiLabs/HealthCareers/job-scrappers/scrappers/sandoz/out-of-scope.csv (66 total, kept for review)

===== Run summary =====
Postings scanned:                120
Detail records fetched:           69
Excluded (out of scope):          66  (shared classifier)
Skipped (known out of scope):      0
Excluded (older than 2026-08-21): 51
Skipped (known old):               0
Flagged needs_review:              0
New jobs added:                    3
Duplicates skipped:                0
Detail failures:                   0
