/Users/gaganakki/Documents/SahiLabs/HealthCareers/job-scrappers/.venv/lib/python3.9/site-packages/urllib3/__init__.py:35: NotOpenSSLWarning: urllib3 v2 only supports OpenSSL 1.1.1+, currently the 'ssl' module is compiled with 'LibreSSL 2.8.3'. See: https://github.com/urllib3/urllib3/issues/3020
  warnings.warn(
17:59:44 INFO robots.txt check passed for https://clarivate.wd3.myworkdayjobs.com
17:59:44 INFO Existing CSV has 0 known jobs (136 known-old, 24 known out-of-scope skipped); keeping jobs posted on/after 2026-06-01 (--since override)
17:59:46 INFO [Clarivate_Careers] board lists 160 open postings
18:04:56 INFO [Clarivate_Careers] walked the whole board (160 postings)
18:04:56 INFO Wrote /Users/gaganakki/Documents/SahiLabs/HealthCareers/job-scrappers/scrappers/clarivate/clarivate_jobs.csv (3 total rows)
18:04:56 INFO Wrote /Users/gaganakki/Documents/SahiLabs/HealthCareers/job-scrappers/jobs_csv/28-08-2026/clarivate.csv (3 rows, HealthCareers.club schema)
18:04:56 INFO Moved 109 rows to /Users/gaganakki/Documents/SahiLabs/HealthCareers/job-scrappers/scrappers/clarivate/out-of-scope.csv (133 total, kept for review)
18:04:56 INFO Wrote /Users/gaganakki/Documents/SahiLabs/HealthCareers/job-scrappers/scrappers/clarivate/needs_review.csv (2 titles to review)

===== Run summary =====
Postings scanned:                160
Detail records fetched:          136
Excluded (out of scope):         109  (shared classifier)
Skipped (known out of scope):     24
Excluded (older than 2026-06-01): 24
Skipped (known old):               0
Flagged needs_review:              2
New jobs added:                    3
Duplicates skipped:                0
Detail failures:                   0
