/Users/gaganakki/Documents/SahiLabs/HealthCareers/job-scrappers/.venv/lib/python3.9/site-packages/urllib3/__init__.py:35: NotOpenSSLWarning: urllib3 v2 only supports OpenSSL 1.1.1+, currently the 'ssl' module is compiled with 'LibreSSL 2.8.3'. See: https://github.com/urllib3/urllib3/issues/3020
  warnings.warn(
20:35:09 INFO robots.txt check passed for https://azelis.wd3.myworkdayjobs.com
20:35:09 INFO Existing CSV has 0 known jobs (40 known-old, 24 known out-of-scope skipped); keeping jobs posted on/after 2026-06-01 (--since override)
20:35:12 INFO [Azelis_Careers] board lists 64 open postings
20:36:38 INFO [Azelis_Careers] walked the whole board (64 postings)
20:36:38 INFO Wrote /Users/gaganakki/Documents/SahiLabs/HealthCareers/job-scrappers/scrappers/azelis/azelis_jobs.csv (1 total rows)
20:36:38 INFO Wrote /Users/gaganakki/Documents/SahiLabs/HealthCareers/job-scrappers/jobs_csv/28-08-2026/azelis.csv (1 rows, HealthCareers.club schema)
20:36:38 INFO Moved 39 rows to /Users/gaganakki/Documents/SahiLabs/HealthCareers/job-scrappers/scrappers/azelis/out-of-scope.csv (63 total, kept for review)

===== Run summary =====
Postings scanned:                 64
Detail records fetched:           40
Excluded (out of scope):          39  (shared classifier)
Skipped (known out of scope):     24
Excluded (older than 2026-06-01):  0
Skipped (known old):               0
Flagged needs_review:              0
New jobs added:                    1
Duplicates skipped:                0
Detail failures:                   0
