/Users/gaganakki/Documents/SahiLabs/HealthCareers/job-scrappers/.venv/lib/python3.9/site-packages/urllib3/__init__.py:35: NotOpenSSLWarning: urllib3 v2 only supports OpenSSL 1.1.1+, currently the 'ssl' module is compiled with 'LibreSSL 2.8.3'. See: https://github.com/urllib3/urllib3/issues/3020
  warnings.warn(
20:27:39 INFO robots.txt check passed for https://trinitylifesciences.wd108.myworkdayjobs.com
20:27:39 INFO Existing CSV has 0 known jobs (69 known-old, 7 known out-of-scope skipped); keeping jobs posted on/after 2026-06-01 (--since override)
20:27:41 INFO [Trinity] board lists 76 open postings
20:30:06 INFO [Trinity] walked the whole board (76 postings)
20:30:06 INFO Wrote /Users/gaganakki/Documents/SahiLabs/HealthCareers/job-scrappers/scrappers/trinitylifesciences/trinitylifesciences_jobs.csv (6 total rows)
20:30:06 INFO Wrote /Users/gaganakki/Documents/SahiLabs/HealthCareers/job-scrappers/jobs_csv/28-08-2026/trinitylifesciences.csv (6 rows, HealthCareers.club schema)
20:30:06 INFO Moved 53 rows to /Users/gaganakki/Documents/SahiLabs/HealthCareers/job-scrappers/scrappers/trinitylifesciences/out-of-scope.csv (60 total, kept for review)

===== Run summary =====
Postings scanned:                 76
Detail records fetched:           69
Excluded (out of scope):          53  (shared classifier)
Skipped (known out of scope):      7
Excluded (older than 2026-06-01): 10
Skipped (known old):               0
Flagged needs_review:              0
New jobs added:                    6
Duplicates skipped:                0
Detail failures:                   0
